// Jest Snapshot v1, https://goo.gl/fbAQLP

exports[`Image component Image snapshot 1`] = `
<img
  alt="Картинка"
  className="photoGridImage"
  onClick={[Function]}
  onKeyDown={[Function]}
  role="presentation"
  src="#"
  tabIndex={0}
/>
`;
