// Jest Snapshot v1, https://goo.gl/fbAQLP

exports[`Preloader component Preloader component 1`] = `
<div
  className="preloader"
>
  <div
    className="img"
  />
  <p
    className="text"
  >
    Идет поиск фотографий...
  </p>
</div>
`;
