// Jest Snapshot v1, https://goo.gl/fbAQLP

exports[`Рендер компонента Preloader 1`] = `
<div
  className="preloader"
>
  <div
    className="preloader__img"
  />
  <p
    className="preloader__text"
  >
    Идет поиск фотографий...
  </p>
</div>
`;
