// Jest Snapshot v1, https://goo.gl/fbAQLP

exports[`Header component Рендер Header snapshot 1`] = `
<footer
  className="header"
>
  <h1
    className="title"
  >
    Test APP
  </h1>
</footer>
`;
