// Jest Snapshot v1, https://goo.gl/fbAQLP

exports[`Popup component Popup snapshot 1`] = `
<div
  aria-hidden="true"
  className="popup popup_opened"
  onClick={[Function]}
  role="button"
  tabIndex="-1"
>
  <div
    aria-hidden="true"
    className="popup__container"
    onClick={[Function]}
    role="complementary"
    tabIndex="-1"
  >
    <button
      className="popup__close-button"
      onClick={[Function]}
      type="button"
    />
    <img
      alt="Картинка"
      className="popup__img"
      src="https://picsum.photos/id/237/600/400"
    />
    <div
      className="popup__comments-container"
    >
      <div
        className="popup__comment-container"
      >
        <p
          className="popup__comment popup__comment_type_date"
        >
          03.01.2020
        </p>
        <p
          className="popup__comment"
        >
          Крутая фотка
        </p>
      </div>
    </div>
    <form
      action="#"
      className="popup__form"
      method="get"
      noValidate={true}
      onSubmit={[Function]}
    >
      <span
        className="popup__form-error popup__form-error_hide"
      >
        
      </span>
      <input
        className="popup__form-input"
        maxLength="200"
        minLength="2"
        name="name"
        onChange={[Function]}
        pattern="^[а-яёА-ЯЁa-zA-Z0-9-\\\\s\\\\-]+$"
        placeholder="Ваше имя"
        required={true}
        type="text"
        value=""
      />
      <span
        className="popup__form-error popup__form-error_hide"
      >
        
      </span>
      <input
        className="popup__form-input"
        maxLength="200"
        minLength="2"
        name="comment"
        onChange={[Function]}
        pattern="^[а-яёА-ЯЁa-zA-Z0-9-\\\\s\\\\-]+$"
        placeholder="Ваш комментарий"
        required={true}
        type="text"
        value=""
      />
      <button
        className="popup__form-button"
        disabled={true}
        type="submit"
      >
        Оставить комментарий
      </button>
    </form>
  </div>
</div>
`;
